##gff-version 3
gi|15282445|ref|NC_000918.1|	minced:0.4.2	repeat_region	156460	156767	5	.	.	ID=CRISPR1;rpt_type=direct;rpt_family=CRISPR;rpt_unit_seq=GTTCCTAATGTACCGTGTGGAGTTGAAACC
gi|15282445|ref|NC_000918.1|	minced:0.4.2	repeat_region	244561	244791	4	.	.	ID=CRISPR2;rpt_type=direct;rpt_family=CRISPR;rpt_unit_seq=GTTTCAACTCCACACGGTACATTAGGAAC
gi|15282445|ref|NC_000918.1|	minced:0.4.2	repeat_region	279264	279555	5	.	.	ID=CRISPR3;rpt_type=direct;rpt_family=CRISPR;rpt_unit_seq=GTTTTAACTCCACACGGTACATTAGAAAC
gi|15282445|ref|NC_000918.1|	minced:0.4.2	repeat_region	1226626	1226861	4	.	.	ID=CRISPR4;rpt_type=direct;rpt_family=CRISPR;rpt_unit_seq=CGTTTCTAATGTACCGTAGAGGAGTTGAAAC
gi|15282445|ref|NC_000918.1|	minced:0.4.2	repeat_region	1379598	1379894	5	.	.	ID=CRISPR5;rpt_type=direct;rpt_family=CRISPR;rpt_unit_seq=GTTTCAACTCCACTACGGTACATTAGGAAC
gi|15282445|ref|NC_000918.1|	minced:0.4.2	repeat_region	1418900	1419060	3	.	.	ID=CRISPR6;rpt_type=direct;rpt_family=CRISPR;rpt_unit_seq=GTTCCTAATGTACCGTGTGGAGTTGAAAC
